// Vitest Snapshot v1, https://vitest.dev/guide/snapshot.html

exports[`wire-spec.json > emits the expected document shape for examples/acme.ddd 1`] = `
{
  "aggregates": {
    "Customer": {
      "additionalProperties": false,
      "properties": {
        "age": {
          "type": "integer",
        },
        "display": {
          "type": "string",
        },
        "email": {
          "type": "string",
        },
        "id": {
          "format": "uuid",
          "type": "string",
        },
        "username": {
          "type": "string",
        },
        "version": {
          "type": "integer",
        },
      },
      "required": [
        "id",
        "username",
        "email",
        "age",
        "version",
        "display",
      ],
      "type": "object",
    },
    "Order": {
      "additionalProperties": false,
      "properties": {
        "customerId": {
          "type": "string",
        },
        "id": {
          "format": "uuid",
          "type": "string",
        },
        "lines": {
          "items": {
            "$ref": "#/parts/OrderLine",
          },
          "type": "array",
        },
        "placedAt": {
          "format": "date-time",
          "type": "string",
        },
        "status": {
          "type": "string",
        },
        "version": {
          "type": "integer",
        },
      },
      "required": [
        "id",
        "customerId",
        "status",
        "placedAt",
        "version",
        "lines",
      ],
      "type": "object",
    },
    "Product": {
      "additionalProperties": false,
      "properties": {
        "display": {
          "type": "string",
        },
        "id": {
          "format": "uuid",
          "type": "string",
        },
        "price": {
          "$ref": "#/valueObjects/Money",
        },
        "sku": {
          "type": "string",
        },
        "version": {
          "type": "integer",
        },
      },
      "required": [
        "id",
        "sku",
        "price",
        "version",
        "display",
      ],
      "type": "object",
    },
  },
  "parts": {
    "OrderLine": {
      "additionalProperties": false,
      "properties": {
        "id": {
          "format": "uuid",
          "type": "string",
        },
        "productId": {
          "format": "uuid",
          "type": "string",
        },
        "quantity": {
          "type": "integer",
        },
      },
      "required": [
        "id",
        "productId",
        "quantity",
      ],
      "type": "object",
    },
  },
  "system": "Acme",
  "valueObjects": {
    "Money": {
      "additionalProperties": false,
      "properties": {
        "amount": {
          "type": "number",
        },
        "currency": {
          "type": "string",
        },
      },
      "required": [
        "amount",
        "currency",
      ],
      "type": "object",
    },
  },
}
`;
